<testsuites id="" name="" tests="3" failures="0" skipped="0" errors="0" time="5.664034">
<testsuite name="example.spec.js" timestamp="2024-11-14T21:39:29.711Z" hostname="chromium" tests="3" failures="0" skipped="0" time="13.131" errors="0">
<testcase name="user rides › user should be able to ride" classname="example.spec.js" time="4.279">
</testcase>
<testcase name="user rides › user above height should not be allowed" classname="example.spec.js" time="4.357">
</testcase>
<testcase name="user rides › user with minimum height should be allowed" classname="example.spec.js" time="4.495">
</testcase>
</testsuite>
</testsuites>